rufldf/talesdcalibev_pass2_190901.rufldf.dst.gz
rufldf/talesdcalibev_pass2_190902.rufldf.dst.gz
rufldf/talesdcalibev_pass2_190903.rufldf.dst.gz
rufldf/talesdcalibev_pass2_190904.rufldf.dst.gz
rufldf/talesdcalibev_pass2_190905.rufldf.dst.gz
rufldf/talesdcalibev_pass2_190906.rufldf.dst.gz
rufldf/talesdcalibev_pass2_190907.rufldf.dst.gz
rufldf/talesdcalibev_pass2_190908.rufldf.dst.gz
rufldf/talesdcalibev_pass2_190909.rufldf.dst.gz
rufldf/talesdcalibev_pass2_190910.rufldf.dst.gz
rufldf/talesdcalibev_pass2_190911.rufldf.dst.gz
rufldf/talesdcalibev_pass2_190912.rufldf.dst.gz
rufldf/talesdcalibev_pass2_190913.rufldf.dst.gz
rufldf/talesdcalibev_pass2_190914.rufldf.dst.gz
rufldf/talesdcalibev_pass2_190915.rufldf.dst.gz
rufldf/talesdcalibev_pass2_190916.rufldf.dst.gz
rufldf/talesdcalibev_pass2_190917.rufldf.dst.gz
rufldf/talesdcalibev_pass2_190918.rufldf.dst.gz
rufldf/talesdcalibev_pass2_190919.rufldf.dst.gz
rufldf/talesdcalibev_pass2_190920.rufldf.dst.gz
rufldf/talesdcalibev_pass2_190921.rufldf.dst.gz
rufldf/talesdcalibev_pass2_190922.rufldf.dst.gz
rufldf/talesdcalibev_pass2_190923.rufldf.dst.gz
rufldf/talesdcalibev_pass2_190924.rufldf.dst.gz
rufldf/talesdcalibev_pass2_190925.rufldf.dst.gz
rufldf/talesdcalibev_pass2_190926.rufldf.dst.gz
rufldf/talesdcalibev_pass2_190927.rufldf.dst.gz
rufldf/talesdcalibev_pass2_190928.rufldf.dst.gz
rufldf/talesdcalibev_pass2_190929.rufldf.dst.gz
rufldf/talesdcalibev_pass2_190930.rufldf.dst.gz
