rufptn/talesdcalibev_pass2_190501.rufptn.dst.gz
rufptn/talesdcalibev_pass2_190502.rufptn.dst.gz
rufptn/talesdcalibev_pass2_190503.rufptn.dst.gz
rufptn/talesdcalibev_pass2_190504.rufptn.dst.gz
rufptn/talesdcalibev_pass2_190505.rufptn.dst.gz
rufptn/talesdcalibev_pass2_190506.rufptn.dst.gz
rufptn/talesdcalibev_pass2_190507.rufptn.dst.gz
rufptn/talesdcalibev_pass2_190508.rufptn.dst.gz
rufptn/talesdcalibev_pass2_190509.rufptn.dst.gz
rufptn/talesdcalibev_pass2_190510.rufptn.dst.gz
rufptn/talesdcalibev_pass2_190511.rufptn.dst.gz
rufptn/talesdcalibev_pass2_190512.rufptn.dst.gz
rufptn/talesdcalibev_pass2_190513.rufptn.dst.gz
rufptn/talesdcalibev_pass2_190514.rufptn.dst.gz
rufptn/talesdcalibev_pass2_190515.rufptn.dst.gz
rufptn/talesdcalibev_pass2_190516.rufptn.dst.gz
rufptn/talesdcalibev_pass2_190517.rufptn.dst.gz
rufptn/talesdcalibev_pass2_190518.rufptn.dst.gz
rufptn/talesdcalibev_pass2_190519.rufptn.dst.gz
rufptn/talesdcalibev_pass2_190520.rufptn.dst.gz
rufptn/talesdcalibev_pass2_190521.rufptn.dst.gz
rufptn/talesdcalibev_pass2_190522.rufptn.dst.gz
rufptn/talesdcalibev_pass2_190523.rufptn.dst.gz
rufptn/talesdcalibev_pass2_190524.rufptn.dst.gz
rufptn/talesdcalibev_pass2_190525.rufptn.dst.gz
rufptn/talesdcalibev_pass2_190526.rufptn.dst.gz
rufptn/talesdcalibev_pass2_190527.rufptn.dst.gz
rufptn/talesdcalibev_pass2_190528.rufptn.dst.gz
rufptn/talesdcalibev_pass2_190529.rufptn.dst.gz
rufptn/talesdcalibev_pass2_190530.rufptn.dst.gz
rufptn/talesdcalibev_pass2_190531.rufptn.dst.gz
rufptn/talesdcalibev_pass2_190601.rufptn.dst.gz
rufptn/talesdcalibev_pass2_190602.rufptn.dst.gz
rufptn/talesdcalibev_pass2_190603.rufptn.dst.gz
rufptn/talesdcalibev_pass2_190604.rufptn.dst.gz
rufptn/talesdcalibev_pass2_190605.rufptn.dst.gz
rufptn/talesdcalibev_pass2_190606.rufptn.dst.gz
rufptn/talesdcalibev_pass2_190607.rufptn.dst.gz
rufptn/talesdcalibev_pass2_190608.rufptn.dst.gz
rufptn/talesdcalibev_pass2_190609.rufptn.dst.gz
rufptn/talesdcalibev_pass2_190610.rufptn.dst.gz
rufptn/talesdcalibev_pass2_190611.rufptn.dst.gz
rufptn/talesdcalibev_pass2_190612.rufptn.dst.gz
rufptn/talesdcalibev_pass2_190613.rufptn.dst.gz
rufptn/talesdcalibev_pass2_190614.rufptn.dst.gz
rufptn/talesdcalibev_pass2_190615.rufptn.dst.gz
rufptn/talesdcalibev_pass2_190616.rufptn.dst.gz
rufptn/talesdcalibev_pass2_190617.rufptn.dst.gz
rufptn/talesdcalibev_pass2_190618.rufptn.dst.gz
rufptn/talesdcalibev_pass2_190619.rufptn.dst.gz
rufptn/talesdcalibev_pass2_190620.rufptn.dst.gz
rufptn/talesdcalibev_pass2_190621.rufptn.dst.gz
rufptn/talesdcalibev_pass2_190622.rufptn.dst.gz
rufptn/talesdcalibev_pass2_190623.rufptn.dst.gz
rufptn/talesdcalibev_pass2_190624.rufptn.dst.gz
rufptn/talesdcalibev_pass2_190625.rufptn.dst.gz
rufptn/talesdcalibev_pass2_190626.rufptn.dst.gz
rufptn/talesdcalibev_pass2_190627.rufptn.dst.gz
rufptn/talesdcalibev_pass2_190628.rufptn.dst.gz
