../../../talesd-passes_kmct/dst201908/talesdcalibev_pass2_190801.dst
../../../talesd-passes_kmct/dst201908/talesdcalibev_pass2_190802.dst
../../../talesd-passes_kmct/dst201908/talesdcalibev_pass2_190803.dst
../../../talesd-passes_kmct/dst201908/talesdcalibev_pass2_190804.dst
../../../talesd-passes_kmct/dst201908/talesdcalibev_pass2_190805.dst
../../../talesd-passes_kmct/dst201908/talesdcalibev_pass2_190817.dst
../../../talesd-passes_kmct/dst201908/talesdcalibev_pass2_190818.dst
../../../talesd-passes_kmct/dst201908/talesdcalibev_pass2_190819.dst
../../../talesd-passes_kmct/dst201908/talesdcalibev_pass2_190820.dst
../../../talesd-passes_kmct/dst201908/talesdcalibev_pass2_190821.dst
../../../talesd-passes_kmct/dst201908/talesdcalibev_pass2_190822.dst
../../../talesd-passes_kmct/dst201908/talesdcalibev_pass2_190823.dst
../../../talesd-passes_kmct/dst201908/talesdcalibev_pass2_190824.dst
../../../talesd-passes_kmct/dst201908/talesdcalibev_pass2_190825.dst
../../../talesd-passes_kmct/dst201908/talesdcalibev_pass2_190826.dst
../../../talesd-passes_kmct/dst201908/talesdcalibev_pass2_190827.dst
../../../talesd-passes_kmct/dst201908/talesdcalibev_pass2_190828.dst
../../../talesd-passes_kmct/dst201908/talesdcalibev_pass2_190829.dst
../../../talesd-passes_kmct/dst201908/talesdcalibev_pass2_190830.dst
../../../talesd-passes_kmct/dst201908/talesdcalibev_pass2_190831.dst
