/ta/work/user/hyomin/talesd-passes_kmct/dst201905/talesdcalibev_pass2_190501.dst
/ta/work/user/hyomin/talesd-passes_kmct/dst201905/talesdcalibev_pass2_190502.dst
/ta/work/user/hyomin/talesd-passes_kmct/dst201905/talesdcalibev_pass2_190503.dst
/ta/work/user/hyomin/talesd-passes_kmct/dst201905/talesdcalibev_pass2_190504.dst
/ta/work/user/hyomin/talesd-passes_kmct/dst201905/talesdcalibev_pass2_190505.dst
/ta/work/user/hyomin/talesd-passes_kmct/dst201905/talesdcalibev_pass2_190506.dst
/ta/work/user/hyomin/talesd-passes_kmct/dst201905/talesdcalibev_pass2_190507.dst
/ta/work/user/hyomin/talesd-passes_kmct/dst201905/talesdcalibev_pass2_190508.dst
/ta/work/user/hyomin/talesd-passes_kmct/dst201905/talesdcalibev_pass2_190509.dst
/ta/work/user/hyomin/talesd-passes_kmct/dst201905/talesdcalibev_pass2_190510.dst
/ta/work/user/hyomin/talesd-passes_kmct/dst201905/talesdcalibev_pass2_190511.dst
/ta/work/user/hyomin/talesd-passes_kmct/dst201905/talesdcalibev_pass2_190512.dst
/ta/work/user/hyomin/talesd-passes_kmct/dst201905/talesdcalibev_pass2_190513.dst
/ta/work/user/hyomin/talesd-passes_kmct/dst201905/talesdcalibev_pass2_190514.dst
/ta/work/user/hyomin/talesd-passes_kmct/dst201905/talesdcalibev_pass2_190515.dst
/ta/work/user/hyomin/talesd-passes_kmct/dst201905/talesdcalibev_pass2_190516.dst
/ta/work/user/hyomin/talesd-passes_kmct/dst201905/talesdcalibev_pass2_190517.dst
/ta/work/user/hyomin/talesd-passes_kmct/dst201905/talesdcalibev_pass2_190518.dst
/ta/work/user/hyomin/talesd-passes_kmct/dst201905/talesdcalibev_pass2_190519.dst
/ta/work/user/hyomin/talesd-passes_kmct/dst201905/talesdcalibev_pass2_190520.dst
/ta/work/user/hyomin/talesd-passes_kmct/dst201905/talesdcalibev_pass2_190521.dst
/ta/work/user/hyomin/talesd-passes_kmct/dst201905/talesdcalibev_pass2_190522.dst
/ta/work/user/hyomin/talesd-passes_kmct/dst201905/talesdcalibev_pass2_190523.dst
/ta/work/user/hyomin/talesd-passes_kmct/dst201905/talesdcalibev_pass2_190524.dst
/ta/work/user/hyomin/talesd-passes_kmct/dst201905/talesdcalibev_pass2_190525.dst
/ta/work/user/hyomin/talesd-passes_kmct/dst201905/talesdcalibev_pass2_190526.dst
/ta/work/user/hyomin/talesd-passes_kmct/dst201905/talesdcalibev_pass2_190527.dst
/ta/work/user/hyomin/talesd-passes_kmct/dst201905/talesdcalibev_pass2_190528.dst
/ta/work/user/hyomin/talesd-passes_kmct/dst201905/talesdcalibev_pass2_190529.dst
/ta/work/user/hyomin/talesd-passes_kmct/dst201905/talesdcalibev_pass2_190530.dst
/ta/work/user/hyomin/talesd-passes_kmct/dst201905/talesdcalibev_pass2_190531.dst
/ta/work/user/hyomin/talesd-passes_kmct/dst201905/talesdcalibev_pass2_190601.dst
