../../../talesd-passes_kmct/dst201909/talesdcalibev_pass2_190901.dst
../../../talesd-passes_kmct/dst201909/talesdcalibev_pass2_190902.dst
../../../talesd-passes_kmct/dst201909/talesdcalibev_pass2_190903.dst
../../../talesd-passes_kmct/dst201909/talesdcalibev_pass2_190904.dst
../../../talesd-passes_kmct/dst201909/talesdcalibev_pass2_190905.dst
../../../talesd-passes_kmct/dst201909/talesdcalibev_pass2_190906.dst
../../../talesd-passes_kmct/dst201909/talesdcalibev_pass2_190907.dst
../../../talesd-passes_kmct/dst201909/talesdcalibev_pass2_190908.dst
../../../talesd-passes_kmct/dst201909/talesdcalibev_pass2_190909.dst
../../../talesd-passes_kmct/dst201909/talesdcalibev_pass2_190910.dst
../../../talesd-passes_kmct/dst201909/talesdcalibev_pass2_190911.dst
../../../talesd-passes_kmct/dst201909/talesdcalibev_pass2_190912.dst
../../../talesd-passes_kmct/dst201909/talesdcalibev_pass2_190913.dst
../../../talesd-passes_kmct/dst201909/talesdcalibev_pass2_190914.dst
../../../talesd-passes_kmct/dst201909/talesdcalibev_pass2_190915.dst
../../../talesd-passes_kmct/dst201909/talesdcalibev_pass2_190916.dst
../../../talesd-passes_kmct/dst201909/talesdcalibev_pass2_190917.dst
../../../talesd-passes_kmct/dst201909/talesdcalibev_pass2_190918.dst
../../../talesd-passes_kmct/dst201909/talesdcalibev_pass2_190919.dst
../../../talesd-passes_kmct/dst201909/talesdcalibev_pass2_190920.dst
../../../talesd-passes_kmct/dst201909/talesdcalibev_pass2_190921.dst
../../../talesd-passes_kmct/dst201909/talesdcalibev_pass2_190922.dst
../../../talesd-passes_kmct/dst201909/talesdcalibev_pass2_190923.dst
../../../talesd-passes_kmct/dst201909/talesdcalibev_pass2_190924.dst
../../../talesd-passes_kmct/dst201909/talesdcalibev_pass2_190925.dst
../../../talesd-passes_kmct/dst201909/talesdcalibev_pass2_190926.dst
../../../talesd-passes_kmct/dst201909/talesdcalibev_pass2_190927.dst
../../../talesd-passes_kmct/dst201909/talesdcalibev_pass2_190928.dst
../../../talesd-passes_kmct/dst201909/talesdcalibev_pass2_190929.dst
../../../talesd-passes_kmct/dst201909/talesdcalibev_pass2_190930.dst
