rufptn/talesdcalibev_pass2_190901.rufptn.dst.gz
rufptn/talesdcalibev_pass2_190902.rufptn.dst.gz
rufptn/talesdcalibev_pass2_190903.rufptn.dst.gz
rufptn/talesdcalibev_pass2_190904.rufptn.dst.gz
rufptn/talesdcalibev_pass2_190905.rufptn.dst.gz
rufptn/talesdcalibev_pass2_190906.rufptn.dst.gz
rufptn/talesdcalibev_pass2_190907.rufptn.dst.gz
rufptn/talesdcalibev_pass2_190908.rufptn.dst.gz
rufptn/talesdcalibev_pass2_190909.rufptn.dst.gz
rufptn/talesdcalibev_pass2_190910.rufptn.dst.gz
rufptn/talesdcalibev_pass2_190911.rufptn.dst.gz
rufptn/talesdcalibev_pass2_190912.rufptn.dst.gz
rufptn/talesdcalibev_pass2_190913.rufptn.dst.gz
rufptn/talesdcalibev_pass2_190914.rufptn.dst.gz
rufptn/talesdcalibev_pass2_190915.rufptn.dst.gz
rufptn/talesdcalibev_pass2_190916.rufptn.dst.gz
rufptn/talesdcalibev_pass2_190917.rufptn.dst.gz
rufptn/talesdcalibev_pass2_190918.rufptn.dst.gz
rufptn/talesdcalibev_pass2_190919.rufptn.dst.gz
rufptn/talesdcalibev_pass2_190920.rufptn.dst.gz
rufptn/talesdcalibev_pass2_190921.rufptn.dst.gz
rufptn/talesdcalibev_pass2_190922.rufptn.dst.gz
rufptn/talesdcalibev_pass2_190923.rufptn.dst.gz
rufptn/talesdcalibev_pass2_190924.rufptn.dst.gz
rufptn/talesdcalibev_pass2_190925.rufptn.dst.gz
rufptn/talesdcalibev_pass2_190926.rufptn.dst.gz
rufptn/talesdcalibev_pass2_190927.rufptn.dst.gz
rufptn/talesdcalibev_pass2_190928.rufptn.dst.gz
rufptn/talesdcalibev_pass2_190929.rufptn.dst.gz
rufptn/talesdcalibev_pass2_190930.rufptn.dst.gz
