/ta/work/user/hyomin/talesd-passes_kmct/dst201907/talesdcalibev_pass2_190629.dst
/ta/work/user/hyomin/talesd-passes_kmct/dst201907/talesdcalibev_pass2_190630.dst
/ta/work/user/hyomin/talesd-passes_kmct/dst201907/talesdcalibev_pass2_190701.dst
/ta/work/user/hyomin/talesd-passes_kmct/dst201907/talesdcalibev_pass2_190702.dst
/ta/work/user/hyomin/talesd-passes_kmct/dst201907/talesdcalibev_pass2_190703.dst
/ta/work/user/hyomin/talesd-passes_kmct/dst201907/talesdcalibev_pass2_190704.dst
/ta/work/user/hyomin/talesd-passes_kmct/dst201907/talesdcalibev_pass2_190705.dst
/ta/work/user/hyomin/talesd-passes_kmct/dst201907/talesdcalibev_pass2_190706.dst
/ta/work/user/hyomin/talesd-passes_kmct/dst201907/talesdcalibev_pass2_190707.dst
/ta/work/user/hyomin/talesd-passes_kmct/dst201907/talesdcalibev_pass2_190708.dst
/ta/work/user/hyomin/talesd-passes_kmct/dst201907/talesdcalibev_pass2_190709.dst
/ta/work/user/hyomin/talesd-passes_kmct/dst201907/talesdcalibev_pass2_190710.dst
/ta/work/user/hyomin/talesd-passes_kmct/dst201907/talesdcalibev_pass2_190711.dst
/ta/work/user/hyomin/talesd-passes_kmct/dst201907/talesdcalibev_pass2_190712.dst
/ta/work/user/hyomin/talesd-passes_kmct/dst201907/talesdcalibev_pass2_190713.dst
/ta/work/user/hyomin/talesd-passes_kmct/dst201907/talesdcalibev_pass2_190714.dst
/ta/work/user/hyomin/talesd-passes_kmct/dst201907/talesdcalibev_pass2_190715.dst
/ta/work/user/hyomin/talesd-passes_kmct/dst201907/talesdcalibev_pass2_190716.dst
/ta/work/user/hyomin/talesd-passes_kmct/dst201907/talesdcalibev_pass2_190717.dst
/ta/work/user/hyomin/talesd-passes_kmct/dst201907/talesdcalibev_pass2_190718.dst
/ta/work/user/hyomin/talesd-passes_kmct/dst201907/talesdcalibev_pass2_190719.dst
/ta/work/user/hyomin/talesd-passes_kmct/dst201907/talesdcalibev_pass2_190720.dst
/ta/work/user/hyomin/talesd-passes_kmct/dst201907/talesdcalibev_pass2_190721.dst
/ta/work/user/hyomin/talesd-passes_kmct/dst201907/talesdcalibev_pass2_190722.dst
/ta/work/user/hyomin/talesd-passes_kmct/dst201907/talesdcalibev_pass2_190723.dst
/ta/work/user/hyomin/talesd-passes_kmct/dst201907/talesdcalibev_pass2_190724.dst
/ta/work/user/hyomin/talesd-passes_kmct/dst201907/talesdcalibev_pass2_190725.dst
/ta/work/user/hyomin/talesd-passes_kmct/dst201907/talesdcalibev_pass2_190726.dst
/ta/work/user/hyomin/talesd-passes_kmct/dst201907/talesdcalibev_pass2_190727.dst
/ta/work/user/hyomin/talesd-passes_kmct/dst201907/talesdcalibev_pass2_190728.dst
/ta/work/user/hyomin/talesd-passes_kmct/dst201907/talesdcalibev_pass2_190729.dst
/ta/work/user/hyomin/talesd-passes_kmct/dst201907/talesdcalibev_pass2_190730.dst
/ta/work/user/hyomin/talesd-passes_kmct/dst201907/talesdcalibev_pass2_190731.dst
