rufptn/talesdcalibev_pass2_190701.rufptn.dst.gz
rufptn/talesdcalibev_pass2_190702.rufptn.dst.gz
rufptn/talesdcalibev_pass2_190703.rufptn.dst.gz
rufptn/talesdcalibev_pass2_190704.rufptn.dst.gz
rufptn/talesdcalibev_pass2_190705.rufptn.dst.gz
rufptn/talesdcalibev_pass2_190706.rufptn.dst.gz
rufptn/talesdcalibev_pass2_190707.rufptn.dst.gz
rufptn/talesdcalibev_pass2_190708.rufptn.dst.gz
rufptn/talesdcalibev_pass2_190709.rufptn.dst.gz
rufptn/talesdcalibev_pass2_190710.rufptn.dst.gz
rufptn/talesdcalibev_pass2_190711.rufptn.dst.gz
rufptn/talesdcalibev_pass2_190712.rufptn.dst.gz
rufptn/talesdcalibev_pass2_190713.rufptn.dst.gz
rufptn/talesdcalibev_pass2_190714.rufptn.dst.gz
rufptn/talesdcalibev_pass2_190715.rufptn.dst.gz
rufptn/talesdcalibev_pass2_190716.rufptn.dst.gz
rufptn/talesdcalibev_pass2_190717.rufptn.dst.gz
rufptn/talesdcalibev_pass2_190718.rufptn.dst.gz
rufptn/talesdcalibev_pass2_190719.rufptn.dst.gz
rufptn/talesdcalibev_pass2_190720.rufptn.dst.gz
rufptn/talesdcalibev_pass2_190721.rufptn.dst.gz
rufptn/talesdcalibev_pass2_190722.rufptn.dst.gz
rufptn/talesdcalibev_pass2_190723.rufptn.dst.gz
rufptn/talesdcalibev_pass2_190724.rufptn.dst.gz
rufptn/talesdcalibev_pass2_190725.rufptn.dst.gz
rufptn/talesdcalibev_pass2_190726.rufptn.dst.gz
rufptn/talesdcalibev_pass2_190727.rufptn.dst.gz
rufptn/talesdcalibev_pass2_190728.rufptn.dst.gz
rufptn/talesdcalibev_pass2_190729.rufptn.dst.gz
rufptn/talesdcalibev_pass2_190730.rufptn.dst.gz
rufptn/talesdcalibev_pass2_190731.rufptn.dst.gz
