rufldf/talesdcalibev_pass2_190701.rufldf.dst.gz
rufldf/talesdcalibev_pass2_190702.rufldf.dst.gz
rufldf/talesdcalibev_pass2_190703.rufldf.dst.gz
rufldf/talesdcalibev_pass2_190704.rufldf.dst.gz
rufldf/talesdcalibev_pass2_190705.rufldf.dst.gz
rufldf/talesdcalibev_pass2_190706.rufldf.dst.gz
rufldf/talesdcalibev_pass2_190707.rufldf.dst.gz
rufldf/talesdcalibev_pass2_190708.rufldf.dst.gz
rufldf/talesdcalibev_pass2_190709.rufldf.dst.gz
rufldf/talesdcalibev_pass2_190710.rufldf.dst.gz
rufldf/talesdcalibev_pass2_190711.rufldf.dst.gz
rufldf/talesdcalibev_pass2_190712.rufldf.dst.gz
rufldf/talesdcalibev_pass2_190713.rufldf.dst.gz
rufldf/talesdcalibev_pass2_190714.rufldf.dst.gz
rufldf/talesdcalibev_pass2_190715.rufldf.dst.gz
rufldf/talesdcalibev_pass2_190716.rufldf.dst.gz
rufldf/talesdcalibev_pass2_190717.rufldf.dst.gz
rufldf/talesdcalibev_pass2_190718.rufldf.dst.gz
rufldf/talesdcalibev_pass2_190719.rufldf.dst.gz
rufldf/talesdcalibev_pass2_190720.rufldf.dst.gz
rufldf/talesdcalibev_pass2_190721.rufldf.dst.gz
rufldf/talesdcalibev_pass2_190722.rufldf.dst.gz
rufldf/talesdcalibev_pass2_190723.rufldf.dst.gz
rufldf/talesdcalibev_pass2_190724.rufldf.dst.gz
rufldf/talesdcalibev_pass2_190725.rufldf.dst.gz
rufldf/talesdcalibev_pass2_190726.rufldf.dst.gz
rufldf/talesdcalibev_pass2_190727.rufldf.dst.gz
rufldf/talesdcalibev_pass2_190728.rufldf.dst.gz
rufldf/talesdcalibev_pass2_190729.rufldf.dst.gz
rufldf/talesdcalibev_pass2_190730.rufldf.dst.gz
rufldf/talesdcalibev_pass2_190731.rufldf.dst.gz
