/ta/work/user/hyomin/TAx4_rec/km/rufldf2/talesdcalibev_pass2_190501.rufldf.dst.gz
/ta/work/user/hyomin/TAx4_rec/km/rufldf2/talesdcalibev_pass2_190502.rufldf.dst.gz
/ta/work/user/hyomin/TAx4_rec/km/rufldf2/talesdcalibev_pass2_190503.rufldf.dst.gz
/ta/work/user/hyomin/TAx4_rec/km/rufldf2/talesdcalibev_pass2_190504.rufldf.dst.gz
/ta/work/user/hyomin/TAx4_rec/km/rufldf2/talesdcalibev_pass2_190505.rufldf.dst.gz
/ta/work/user/hyomin/TAx4_rec/km/rufldf2/talesdcalibev_pass2_190506.rufldf.dst.gz
/ta/work/user/hyomin/TAx4_rec/km/rufldf2/talesdcalibev_pass2_190507.rufldf.dst.gz
/ta/work/user/hyomin/TAx4_rec/km/rufldf2/talesdcalibev_pass2_190508.rufldf.dst.gz
/ta/work/user/hyomin/TAx4_rec/km/rufldf2/talesdcalibev_pass2_190509.rufldf.dst.gz
/ta/work/user/hyomin/TAx4_rec/km/rufldf2/talesdcalibev_pass2_190510.rufldf.dst.gz
/ta/work/user/hyomin/TAx4_rec/km/rufldf2/talesdcalibev_pass2_190511.rufldf.dst.gz
/ta/work/user/hyomin/TAx4_rec/km/rufldf2/talesdcalibev_pass2_190512.rufldf.dst.gz
/ta/work/user/hyomin/TAx4_rec/km/rufldf2/talesdcalibev_pass2_190513.rufldf.dst.gz
/ta/work/user/hyomin/TAx4_rec/km/rufldf2/talesdcalibev_pass2_190514.rufldf.dst.gz
/ta/work/user/hyomin/TAx4_rec/km/rufldf2/talesdcalibev_pass2_190515.rufldf.dst.gz
/ta/work/user/hyomin/TAx4_rec/km/rufldf2/talesdcalibev_pass2_190516.rufldf.dst.gz
/ta/work/user/hyomin/TAx4_rec/km/rufldf2/talesdcalibev_pass2_190517.rufldf.dst.gz
/ta/work/user/hyomin/TAx4_rec/km/rufldf2/talesdcalibev_pass2_190518.rufldf.dst.gz
/ta/work/user/hyomin/TAx4_rec/km/rufldf2/talesdcalibev_pass2_190519.rufldf.dst.gz
/ta/work/user/hyomin/TAx4_rec/km/rufldf2/talesdcalibev_pass2_190520.rufldf.dst.gz
/ta/work/user/hyomin/TAx4_rec/km/rufldf2/talesdcalibev_pass2_190521.rufldf.dst.gz
/ta/work/user/hyomin/TAx4_rec/km/rufldf2/talesdcalibev_pass2_190522.rufldf.dst.gz
/ta/work/user/hyomin/TAx4_rec/km/rufldf2/talesdcalibev_pass2_190523.rufldf.dst.gz
/ta/work/user/hyomin/TAx4_rec/km/rufldf2/talesdcalibev_pass2_190524.rufldf.dst.gz
/ta/work/user/hyomin/TAx4_rec/km/rufldf2/talesdcalibev_pass2_190525.rufldf.dst.gz
/ta/work/user/hyomin/TAx4_rec/km/rufldf2/talesdcalibev_pass2_190526.rufldf.dst.gz
/ta/work/user/hyomin/TAx4_rec/km/rufldf2/talesdcalibev_pass2_190527.rufldf.dst.gz
/ta/work/user/hyomin/TAx4_rec/km/rufldf2/talesdcalibev_pass2_190528.rufldf.dst.gz
/ta/work/user/hyomin/TAx4_rec/km/rufldf2/talesdcalibev_pass2_190529.rufldf.dst.gz
/ta/work/user/hyomin/TAx4_rec/km/rufldf2/talesdcalibev_pass2_190530.rufldf.dst.gz
/ta/work/user/hyomin/TAx4_rec/km/rufldf2/talesdcalibev_pass2_190531.rufldf.dst.gz
/ta/work/user/hyomin/TAx4_rec/km/rufldf2/talesdcalibev_pass2_190601.rufldf.dst.gz
/ta/work/user/hyomin/TAx4_rec/km/rufldf2/talesdcalibev_pass2_190602.rufldf.dst.gz
/ta/work/user/hyomin/TAx4_rec/km/rufldf2/talesdcalibev_pass2_190603.rufldf.dst.gz
/ta/work/user/hyomin/TAx4_rec/km/rufldf2/talesdcalibev_pass2_190604.rufldf.dst.gz
/ta/work/user/hyomin/TAx4_rec/km/rufldf2/talesdcalibev_pass2_190605.rufldf.dst.gz
/ta/work/user/hyomin/TAx4_rec/km/rufldf2/talesdcalibev_pass2_190606.rufldf.dst.gz
/ta/work/user/hyomin/TAx4_rec/km/rufldf2/talesdcalibev_pass2_190607.rufldf.dst.gz
/ta/work/user/hyomin/TAx4_rec/km/rufldf2/talesdcalibev_pass2_190608.rufldf.dst.gz
/ta/work/user/hyomin/TAx4_rec/km/rufldf2/talesdcalibev_pass2_190609.rufldf.dst.gz
/ta/work/user/hyomin/TAx4_rec/km/rufldf2/talesdcalibev_pass2_190610.rufldf.dst.gz
/ta/work/user/hyomin/TAx4_rec/km/rufldf2/talesdcalibev_pass2_190611.rufldf.dst.gz
/ta/work/user/hyomin/TAx4_rec/km/rufldf2/talesdcalibev_pass2_190612.rufldf.dst.gz
/ta/work/user/hyomin/TAx4_rec/km/rufldf2/talesdcalibev_pass2_190613.rufldf.dst.gz
/ta/work/user/hyomin/TAx4_rec/km/rufldf2/talesdcalibev_pass2_190614.rufldf.dst.gz
/ta/work/user/hyomin/TAx4_rec/km/rufldf2/talesdcalibev_pass2_190615.rufldf.dst.gz
/ta/work/user/hyomin/TAx4_rec/km/rufldf2/talesdcalibev_pass2_190616.rufldf.dst.gz
/ta/work/user/hyomin/TAx4_rec/km/rufldf2/talesdcalibev_pass2_190617.rufldf.dst.gz
/ta/work/user/hyomin/TAx4_rec/km/rufldf2/talesdcalibev_pass2_190618.rufldf.dst.gz
/ta/work/user/hyomin/TAx4_rec/km/rufldf2/talesdcalibev_pass2_190619.rufldf.dst.gz
/ta/work/user/hyomin/TAx4_rec/km/rufldf2/talesdcalibev_pass2_190620.rufldf.dst.gz
/ta/work/user/hyomin/TAx4_rec/km/rufldf2/talesdcalibev_pass2_190621.rufldf.dst.gz
/ta/work/user/hyomin/TAx4_rec/km/rufldf2/talesdcalibev_pass2_190622.rufldf.dst.gz
/ta/work/user/hyomin/TAx4_rec/km/rufldf2/talesdcalibev_pass2_190623.rufldf.dst.gz
/ta/work/user/hyomin/TAx4_rec/km/rufldf2/talesdcalibev_pass2_190624.rufldf.dst.gz
/ta/work/user/hyomin/TAx4_rec/km/rufldf2/talesdcalibev_pass2_190625.rufldf.dst.gz
/ta/work/user/hyomin/TAx4_rec/km/rufldf2/talesdcalibev_pass2_190626.rufldf.dst.gz
/ta/work/user/hyomin/TAx4_rec/km/rufldf2/talesdcalibev_pass2_190627.rufldf.dst.gz
/ta/work/user/hyomin/TAx4_rec/km/rufldf2/talesdcalibev_pass2_190628.rufldf.dst.gz
